Archive member included to satisfy reference by file (symbol)

/Applications/ARM/bin/../lib/gcc/arm-none-eabi/10.3.1/../../../../arm-none-eabi/lib/thumb/v7e-m+fp/hard/libc.a(lib_a-exit.o)
                              /Applications/ARM/bin/../lib/gcc/arm-none-eabi/10.3.1/../../../../arm-none-eabi/lib/thumb/v7e-m+fp/hard/crt0.o (exit)
/Applications/ARM/bin/../lib/gcc/arm-none-eabi/10.3.1/../../../../arm-none-eabi/lib/thumb/v7e-m+fp/hard/libc.a(lib_a-impure.o)
                              /Applications/ARM/bin/../lib/gcc/arm-none-eabi/10.3.1/../../../../arm-none-eabi/lib/thumb/v7e-m+fp/hard/libc.a(lib_a-exit.o) (_global_impure_ptr)
/Applications/ARM/bin/../lib/gcc/arm-none-eabi/10.3.1/../../../../arm-none-eabi/lib/thumb/v7e-m+fp/hard/libc.a(lib_a-init.o)
                              /Applications/ARM/bin/../lib/gcc/arm-none-eabi/10.3.1/../../../../arm-none-eabi/lib/thumb/v7e-m+fp/hard/crt0.o (__libc_init_array)
/Applications/ARM/bin/../lib/gcc/arm-none-eabi/10.3.1/../../../../arm-none-eabi/lib/thumb/v7e-m+fp/hard/libc.a(lib_a-memset.o)
                              /Applications/ARM/bin/../lib/gcc/arm-none-eabi/10.3.1/../../../../arm-none-eabi/lib/thumb/v7e-m+fp/hard/crt0.o (memset)
/Applications/ARM/bin/../lib/gcc/arm-none-eabi/10.3.1/../../../../arm-none-eabi/lib/thumb/v7e-m+fp/hard/libc.a(lib_a-__call_atexit.o)
                              /Applications/ARM/bin/../lib/gcc/arm-none-eabi/10.3.1/../../../../arm-none-eabi/lib/thumb/v7e-m+fp/hard/libc.a(lib_a-exit.o) (__call_exitprocs)
/Applications/ARM/bin/../lib/gcc/arm-none-eabi/10.3.1/../../../../arm-none-eabi/lib/thumb/v7e-m+fp/hard/libc.a(lib_a-atexit.o)
                              /Applications/ARM/bin/../lib/gcc/arm-none-eabi/10.3.1/../../../../arm-none-eabi/lib/thumb/v7e-m+fp/hard/libc.a(lib_a-__call_atexit.o) (atexit)
/Applications/ARM/bin/../lib/gcc/arm-none-eabi/10.3.1/../../../../arm-none-eabi/lib/thumb/v7e-m+fp/hard/libc.a(lib_a-fini.o)
                              /Applications/ARM/bin/../lib/gcc/arm-none-eabi/10.3.1/../../../../arm-none-eabi/lib/thumb/v7e-m+fp/hard/libc.a(lib_a-__call_atexit.o) (__libc_fini_array)
/Applications/ARM/bin/../lib/gcc/arm-none-eabi/10.3.1/../../../../arm-none-eabi/lib/thumb/v7e-m+fp/hard/libc.a(lib_a-lock.o)
                              /Applications/ARM/bin/../lib/gcc/arm-none-eabi/10.3.1/../../../../arm-none-eabi/lib/thumb/v7e-m+fp/hard/libc.a(lib_a-__call_atexit.o) (__retarget_lock_acquire_recursive)
/Applications/ARM/bin/../lib/gcc/arm-none-eabi/10.3.1/../../../../arm-none-eabi/lib/thumb/v7e-m+fp/hard/libc.a(lib_a-__atexit.o)
                              /Applications/ARM/bin/../lib/gcc/arm-none-eabi/10.3.1/../../../../arm-none-eabi/lib/thumb/v7e-m+fp/hard/libc.a(lib_a-atexit.o) (__register_exitproc)
/Applications/ARM/bin/../lib/gcc/arm-none-eabi/10.3.1/../../../../arm-none-eabi/lib/thumb/v7e-m+fp/hard/libg_nano.a(lib_a-errno.o)
                              obj/Core/Src/syscalls.o (__errno)

Discarded input sections

 .text          0x0000000000000000        0x0 /Applications/ARM/bin/../lib/gcc/arm-none-eabi/10.3.1/thumb/v7e-m+fp/hard/crti.o
 .data          0x0000000000000000        0x0 /Applications/ARM/bin/../lib/gcc/arm-none-eabi/10.3.1/thumb/v7e-m+fp/hard/crti.o
 .bss           0x0000000000000000        0x0 /Applications/ARM/bin/../lib/gcc/arm-none-eabi/10.3.1/thumb/v7e-m+fp/hard/crti.o
 .data          0x0000000000000000        0x4 /Applications/ARM/bin/../lib/gcc/arm-none-eabi/10.3.1/thumb/v7e-m+fp/hard/crtbegin.o
 .rodata        0x0000000000000000       0x24 /Applications/ARM/bin/../lib/gcc/arm-none-eabi/10.3.1/thumb/v7e-m+fp/hard/crtbegin.o
 .text          0x0000000000000000       0x7c /Applications/ARM/bin/../lib/gcc/arm-none-eabi/10.3.1/../../../../arm-none-eabi/lib/thumb/v7e-m+fp/hard/crt0.o
 .data          0x0000000000000000        0x0 /Applications/ARM/bin/../lib/gcc/arm-none-eabi/10.3.1/../../../../arm-none-eabi/lib/thumb/v7e-m+fp/hard/crt0.o
 .bss           0x0000000000000000        0x0 /Applications/ARM/bin/../lib/gcc/arm-none-eabi/10.3.1/../../../../arm-none-eabi/lib/thumb/v7e-m+fp/hard/crt0.o
 .ARM.extab     0x0000000000000000        0x0 /Applications/ARM/bin/../lib/gcc/arm-none-eabi/10.3.1/../../../../arm-none-eabi/lib/thumb/v7e-m+fp/hard/crt0.o
 .ARM.exidx     0x0000000000000000       0x10 /Applications/ARM/bin/../lib/gcc/arm-none-eabi/10.3.1/../../../../arm-none-eabi/lib/thumb/v7e-m+fp/hard/crt0.o
 .ARM.attributes
                0x0000000000000000       0x1c /Applications/ARM/bin/../lib/gcc/arm-none-eabi/10.3.1/../../../../arm-none-eabi/lib/thumb/v7e-m+fp/hard/crt0.o
 .text          0x0000000000000000        0x0 /Applications/ARM/bin/../lib/gcc/arm-none-eabi/10.3.1/../../../../arm-none-eabi/lib/thumb/v7e-m+fp/hard/libc.a(lib_a-exit.o)
 .data          0x0000000000000000        0x0 /Applications/ARM/bin/../lib/gcc/arm-none-eabi/10.3.1/../../../../arm-none-eabi/lib/thumb/v7e-m+fp/hard/libc.a(lib_a-exit.o)
[...]
Memory Configuration

Name             Origin             Length             Attributes
CCMRAM           0x0000000010000000 0x0000000000002000 xrw
RAM              0x0000000020000000 0x000000000000a000 xrw
FLASH            0x0000000008000000 0x0000000000040000 xr
*default*        0x0000000000000000 0xffffffffffffffff

Linker script and memory map

LOAD /Applications/ARM/bin/../lib/gcc/arm-none-eabi/10.3.1/thumb/v7e-m+fp/hard/crti.o
LOAD /Applications/ARM/bin/../lib/gcc/arm-none-eabi/10.3.1/thumb/v7e-m+fp/hard/crtbegin.o
LOAD /Applications/ARM/bin/../lib/gcc/arm-none-eabi/10.3.1/../../../../arm-none-eabi/lib/thumb/v7e-m+fp/hard/crt0.o
                0x000000002000a000                _estack = (ORIGIN (RAM) + LENGTH (RAM))
                0x0000000000000200                _Min_Heap_Size = 0x200
                0x0000000000000400                _Min_Stack_Size = 0x400

.isr_vector     0x0000000008000000      0x188
                0x0000000008000000                . = ALIGN (0x4)
 *(.isr_vector)
 .isr_vector    0x0000000008000000      0x188 obj/Core/Startup/startup_stm32f303vctx.o
                0x0000000008000000                g_pfnVectors
                0x0000000008000188                . = ALIGN (0x4)

.text           0x0000000008000188     0x27c8
                0x0000000008000188                . = ALIGN (0x4)
 *(.text)
 .text          0x0000000008000188       0x40 /Applications/ARM/bin/../lib/gcc/arm-none-eabi/10.3.1/thumb/v7e-m+fp/hard/crtbegin.o
 *(.text*)
 .text.__libc_init_array
                0x00000000080001c8       0x48 /Applications/ARM/bin/../lib/gcc/arm-none-eabi/10.3.1/../../../../arm-none-eabi/lib/thumb/v7e-m+fp/hard/libc.a(lib_a-init.o)
                0x00000000080001c8                __libc_init_array
 .text.memset   0x0000000008000210       0xa4 /Applications/ARM/bin/../lib/gcc/arm-none-eabi/10.3.1/../../../../arm-none-eabi/lib/thumb/v7e-m+fp/hard/libc.a(lib_a-memset.o)
                0x0000000008000210                memset
 .text.startup.register_fini
                0x00000000080002b4       0x14 /Applications/ARM/bin/../lib/gcc/arm-none-eabi/10.3.1/../../../../arm-none-eabi/lib/thumb/v7e-m+fp/hard/libc.a(lib_a-__call_atexit.o)
 .text.atexit   0x00000000080002c8        0xc /Applications/ARM/bin/../lib/gcc/arm-none-eabi/10.3.1/../../../../arm-none-eabi/lib/thumb/v7e-m+fp/hard/libc.a(lib_a-atexit.o)
                0x00000000080002c8                atexit
 .text.__libc_fini_array
                0x00000000080002d4       0x2c /Applications/ARM/bin/../lib/gcc/arm-none-eabi/10.3.1/../../../../arm-none-eabi/lib/thumb/v7e-m+fp/hard/libc.a(lib_a-fini.o)
                0x00000000080002d4                __libc_fini_array
 .text.__retarget_lock_acquire_recursive
                0x0000000008000300        0x4 /Applications/ARM/bin/../lib/gcc/arm-none-eabi/10.3.1/../../../../arm-none-eabi/lib/thumb/v7e-m+fp/hard/libc.a(lib_a-lock.o)
                0x0000000008000300                __retarget_lock_acquire_recursive
 .text.__retarget_lock_release_recursive
                0x0000000008000304        0x4 /Applications/ARM/bin/../lib/gcc/arm-none-eabi/10.3.1/../../../../arm-none-eabi/lib/thumb/v7e-m+fp/hard/libc.a(lib_a-lock.o)
                0x0000000008000304                __retarget_lock_release_recursive
 .text.__register_exitproc
                0x0000000008000308       0x8c /Applications/ARM/bin/../lib/gcc/arm-none-eabi/10.3.1/../../../../arm-none-eabi/lib/thumb/v7e-m+fp/hard/libc.a(lib_a-__atexit.o)
                0x0000000008000308                __register_exitproc
 .text.Reset_Handler
                0x0000000008000394       0x50 obj/Core/Startup/startup_stm32f303vctx.o
                0x0000000008000394                Reset_Handler
 .text.Default_Handler
                0x00000000080003e4        0x2 obj/Core/Startup/startup_stm32f303vctx.o
                0x00000000080003e4                TIM1_BRK_TIM15_IRQHandler
                0x00000000080003e4                TIM8_TRG_COM_IRQHandler
                0x00000000080003e4                TIM8_CC_IRQHandler
                0x00000000080003e4                TIM1_CC_IRQHandler
                0x00000000080003e4                USB_HP_IRQHandler
                0x00000000080003e4                PVD_IRQHandler
                0x00000000080003e4                TAMP_STAMP_IRQHandler
                0x00000000080003e4                EXTI3_IRQHandler
                0x00000000080003e4                USB_HP_CAN_TX_IRQHandler
                0x00000000080003e4                EXTI0_IRQHandler
                0x00000000080003e4                I2C2_EV_IRQHandler
                0x00000000080003e4                FPU_IRQHandler
                0x00000000080003e4                TIM1_UP_TIM16_IRQHandler
                0x00000000080003e4                ADC1_2_IRQHandler
                0x00000000080003e4                SPI1_IRQHandler
                0x00000000080003e4                CAN_SCE_IRQHandler
                0x00000000080003e4                TIM6_DAC_IRQHandler
                0x00000000080003e4                TIM8_UP_IRQHandler
                0x00000000080003e4                DMA2_Channel2_IRQHandler
                0x00000000080003e4                DMA1_Channel4_IRQHandler
                0x00000000080003e4                USART3_IRQHandler
                0x00000000080003e4                DMA1_Channel7_IRQHandler
                0x00000000080003e4                UART5_IRQHandler
                0x00000000080003e4                ADC3_IRQHandler
                0x00000000080003e4                TIM4_IRQHandler
                0x00000000080003e4                CAN_RX1_IRQHandler
                0x00000000080003e4                DMA2_Channel1_IRQHandler
                0x00000000080003e4                I2C1_EV_IRQHandler
                0x00000000080003e4                DMA1_Channel6_IRQHandler
                0x00000000080003e4                UART4_IRQHandler
                0x00000000080003e4                DMA2_Channel4_IRQHandler
                0x00000000080003e4                TIM3_IRQHandler
                0x00000000080003e4                RCC_IRQHandler
                0x00000000080003e4                DMA1_Channel1_IRQHandler
                0x00000000080003e4                Default_Handler
                0x00000000080003e4                USBWakeUp_RMP_IRQHandler
                0x00000000080003e4                EXTI15_10_IRQHandler
                0x00000000080003e4                TIM7_IRQHandler
                0x00000000080003e4                EXTI9_5_IRQHandler
                0x00000000080003e4                RTC_WKUP_IRQHandler
                0x00000000080003e4                SPI2_IRQHandler
                0x00000000080003e4                USB_LP_CAN_RX0_IRQHandler
                0x00000000080003e4                DMA2_Channel5_IRQHandler
                0x00000000080003e4                DMA1_Channel5_IRQHandler
                0x00000000080003e4                USB_LP_IRQHandler
                0x00000000080003e4                EXTI4_IRQHandler
                0x00000000080003e4                TIM1_TRG_COM_TIM17_IRQHandler
                0x00000000080003e4                DMA1_Channel3_IRQHandler
                0x00000000080003e4                ADC4_IRQHandler
                0x00000000080003e4                WWDG_IRQHandler
                0x00000000080003e4                TIM2_IRQHandler
                0x00000000080003e4                COMP7_IRQHandler
                0x00000000080003e4                COMP1_2_3_IRQHandler
                0x00000000080003e4                USART2_IRQHandler
                0x00000000080003e4                COMP4_5_6_IRQHandler
                0x00000000080003e4                I2C2_ER_IRQHandler
                0x00000000080003e4                DMA1_Channel2_IRQHandler
                0x00000000080003e4                TIM8_BRK_IRQHandler
                0x00000000080003e4                FLASH_IRQHandler
                0x00000000080003e4                USART1_IRQHandler
                0x00000000080003e4                SPI3_IRQHandler
                0x00000000080003e4                I2C1_ER_IRQHandler
                0x00000000080003e4                USBWakeUp_IRQHandler
                0x00000000080003e4                DMA2_Channel3_IRQHandler
                0x00000000080003e4                EXTI2_TSC_IRQHandler
                0x00000000080003e4                RTC_Alarm_IRQHandler
 *fill*         0x00000000080003e6        0x2 
 .text.MX_GPIO_Init
                0x00000000080003e8      0x1e4 obj/Core/Src/gpio.o
                0x00000000080003e8                MX_GPIO_Init
 .text.HAL_GPIO_EXTI_Callback
                0x00000000080005cc       0xa0 obj/Core/Src/main.o
                0x00000000080005cc                HAL_GPIO_EXTI_Callback
 .text.printCurrentNumber
                0x000000000800066c       0x58 obj/Core/Src/main.o
                0x000000000800066c                printCurrentNumber
 .text.main     0x00000000080006c4       0x16 obj/Core/Src/main.o
                0x00000000080006c4                main
 .text.SystemClock_Config
                0x00000000080006da       0x82 obj/Core/Src/main.o
                0x00000000080006da                SystemClock_Config
 .text.Error_Handler
                0x000000000800075c        0xa obj/Core/Src/main.o
                0x000000000800075c                Error_Handler
 .text.assert_failed
                0x0000000008000766       0x16 obj/Core/Src/main.o
                0x0000000008000766                assert_failed
 .text.HAL_MspInit
                0x000000000800077c       0x48 obj/Core/Src/stm32f3xx_hal_msp.o
                0x000000000800077c                HAL_MspInit
 .text.NMI_Handler
                0x00000000080007c4        0x6 obj/Core/Src/stm32f3xx_it.o
                0x00000000080007c4                NMI_Handler
 .text.HardFault_Handler
                0x00000000080007ca        0x6 obj/Core/Src/stm32f3xx_it.o
                0x00000000080007ca                HardFault_Handler
 .text.MemManage_Handler
                0x00000000080007d0        0x6 obj/Core/Src/stm32f3xx_it.o
                0x00000000080007d0                MemManage_Handler
 .text.BusFault_Handler
                0x00000000080007d6        0x6 obj/Core/Src/stm32f3xx_it.o
                0x00000000080007d6                BusFault_Handler
 .text.UsageFault_Handler
                0x00000000080007dc        0x6 obj/Core/Src/stm32f3xx_it.o
                0x00000000080007dc                UsageFault_Handler
 .text.SVC_Handler
                0x00000000080007e2        0xe obj/Core/Src/stm32f3xx_it.o
                0x00000000080007e2                SVC_Handler
 .text.DebugMon_Handler
                0x00000000080007f0        0xe obj/Core/Src/stm32f3xx_it.o
                0x00000000080007f0                DebugMon_Handler
 .text.PendSV_Handler
                0x00000000080007fe        0xe obj/Core/Src/stm32f3xx_it.o
                0x00000000080007fe                PendSV_Handler
 .text.SysTick_Handler
                0x000000000800080c        0xc obj/Core/Src/stm32f3xx_it.o
                0x000000000800080c                SysTick_Handler
 .text.EXTI1_IRQHandler
                0x0000000008000818        0xe obj/Core/Src/stm32f3xx_it.o
                0x0000000008000818                EXTI1_IRQHandler
 *fill*         0x0000000008000826        0x2 
 .text.SystemInit
                0x0000000008000828       0x24 obj/Core/Src/system_stm32f3xx.o
                0x0000000008000828                SystemInit
 .text.HAL_Init
                0x000000000800084c       0x2c obj/Drivers/STM32F3xx_HAL_Driver/Src/stm32f3xx_hal.o
                0x000000000800084c                HAL_Init
 .text.HAL_InitTick
                0x0000000008000878       0x60 obj/Drivers/STM32F3xx_HAL_Driver/Src/stm32f3xx_hal.o
                0x0000000008000878                HAL_InitTick
 .text.HAL_IncTick
                0x00000000080008d8       0x28 obj/Drivers/STM32F3xx_HAL_Driver/Src/stm32f3xx_hal.o
                0x00000000080008d8                HAL_IncTick
 .text.HAL_GetTick
                0x0000000008000900       0x18 obj/Drivers/STM32F3xx_HAL_Driver/Src/stm32f3xx_hal.o
                0x0000000008000900                HAL_GetTick
 .text.__NVIC_SetPriorityGrouping
                0x0000000008000918       0x48 obj/Drivers/STM32F3xx_HAL_Driver/Src/stm32f3xx_hal_cortex.o
 .text.__NVIC_GetPriorityGrouping
                0x0000000008000960       0x1c obj/Drivers/STM32F3xx_HAL_Driver/Src/stm32f3xx_hal_cortex.o
 .text.__NVIC_EnableIRQ
                0x000000000800097c       0x3c obj/Drivers/STM32F3xx_HAL_Driver/Src/stm32f3xx_hal_cortex.o
 .text.__NVIC_SetPriority
                0x00000000080009b8       0x54 obj/Drivers/STM32F3xx_HAL_Driver/Src/stm32f3xx_hal_cortex.o
 .text.NVIC_EncodePriority
                0x0000000008000a0c       0x66 obj/Drivers/STM32F3xx_HAL_Driver/Src/stm32f3xx_hal_cortex.o
 *fill*         0x0000000008000a72        0x2 
 .text.SysTick_Config
                0x0000000008000a74       0x44 obj/Drivers/STM32F3xx_HAL_Driver/Src/stm32f3xx_hal_cortex.o
 .text.HAL_NVIC_SetPriorityGrouping
                0x0000000008000ab8       0x40 obj/Drivers/STM32F3xx_HAL_Driver/Src/stm32f3xx_hal_cortex.o
                0x0000000008000ab8                HAL_NVIC_SetPriorityGrouping
 .text.HAL_NVIC_SetPriority
                0x0000000008000af8       0x58 obj/Drivers/STM32F3xx_HAL_Driver/Src/stm32f3xx_hal_cortex.o
                0x0000000008000af8                HAL_NVIC_SetPriority
 .text.HAL_NVIC_EnableIRQ
                0x0000000008000b50       0x30 obj/Drivers/STM32F3xx_HAL_Driver/Src/stm32f3xx_hal_cortex.o
                0x0000000008000b50                HAL_NVIC_EnableIRQ
 .text.HAL_SYSTICK_Config
                0x0000000008000b80       0x18 obj/Drivers/STM32F3xx_HAL_Driver/Src/stm32f3xx_hal_cortex.o
                0x0000000008000b80                HAL_SYSTICK_Config
 .text.HAL_GPIO_Init
                0x0000000008000b98      0x490 obj/Drivers/STM32F3xx_HAL_Driver/Src/stm32f3xx_hal_gpio.o
                0x0000000008000b98                HAL_GPIO_Init
 .text.HAL_GPIO_WritePin
                0x0000000008001028       0x60 obj/Drivers/STM32F3xx_HAL_Driver/Src/stm32f3xx_hal_gpio.o
                0x0000000008001028                HAL_GPIO_WritePin
 .text.HAL_GPIO_EXTI_IRQHandler
                0x0000000008001088       0x30 obj/Drivers/STM32F3xx_HAL_Driver/Src/stm32f3xx_hal_gpio.o
                0x0000000008001088                HAL_GPIO_EXTI_IRQHandler
 .text.HAL_RCC_OscConfig
                0x00000000080010b8     0x1368 obj/Drivers/STM32F3xx_HAL_Driver/Src/stm32f3xx_hal_rcc.o
                0x00000000080010b8                HAL_RCC_OscConfig
 .text.HAL_RCC_ClockConfig
                0x0000000008002420      0x444 obj/Drivers/STM32F3xx_HAL_Driver/Src/stm32f3xx_hal_rcc.o
                0x0000000008002420                HAL_RCC_ClockConfig
 .text.HAL_RCC_GetSysClockFreq
                0x0000000008002864       0xd4 obj/Drivers/STM32F3xx_HAL_Driver/Src/stm32f3xx_hal_rcc.o
                0x0000000008002864                HAL_RCC_GetSysClockFreq
 *(.glue_7)
 .glue_7        0x0000000008002938        0x0 linker stubs
 *(.glue_7t)
 .glue_7t       0x0000000008002938        0x0 linker stubs
 *(.eh_frame)
 .eh_frame      0x0000000008002938        0x0 /Applications/ARM/bin/../lib/gcc/arm-none-eabi/10.3.1/thumb/v7e-m+fp/hard/crtbegin.o
 *(.init)
 .init          0x0000000008002938        0x4 /Applications/ARM/bin/../lib/gcc/arm-none-eabi/10.3.1/thumb/v7e-m+fp/hard/crti.o
                0x0000000008002938                _init
 .init          0x000000000800293c        0x8 /Applications/ARM/bin/../lib/gcc/arm-none-eabi/10.3.1/thumb/v7e-m+fp/hard/crtn.o
 *(.fini)
 .fini          0x0000000008002944        0x4 /Applications/ARM/bin/../lib/gcc/arm-none-eabi/10.3.1/thumb/v7e-m+fp/hard/crti.o
                0x0000000008002944                _fini
 .fini          0x0000000008002948        0x8 /Applications/ARM/bin/../lib/gcc/arm-none-eabi/10.3.1/thumb/v7e-m+fp/hard/crtn.o
                0x0000000008002950                . = ALIGN (0x4)
                0x0000000008002950                _etext = .

.vfp11_veneer   0x0000000008002950        0x0
 .vfp11_veneer  0x0000000008002950        0x0 linker stubs

.v4_bx          0x0000000008002950        0x0
 .v4_bx         0x0000000008002950        0x0 linker stubs

.iplt           0x0000000008002950        0x0
 .iplt          0x0000000008002950        0x0 /Applications/ARM/bin/../lib/gcc/arm-none-eabi/10.3.1/thumb/v7e-m+fp/hard/crtbegin.o

.rodata         0x0000000008002950       0xdc
                0x0000000008002950                . = ALIGN (0x4)
 *(.rodata)
 .rodata        0x0000000008002950       0x38 obj/Drivers/STM32F3xx_HAL_Driver/Src/stm32f3xx_hal_cortex.o
 .rodata        0x0000000008002988       0x36 obj/Drivers/STM32F3xx_HAL_Driver/Src/stm32f3xx_hal_gpio.o
 *fill*         0x00000000080029be        0x2 
 .rodata        0x00000000080029c0       0x35 obj/Drivers/STM32F3xx_HAL_Driver/Src/stm32f3xx_hal_rcc.o
 *(.rodata*)
 *fill*         0x00000000080029f5        0x3 
 .rodata._global_impure_ptr
                0x00000000080029f8        0x4 /Applications/ARM/bin/../lib/gcc/arm-none-eabi/10.3.1/../../../../arm-none-eabi/lib/thumb/v7e-m+fp/hard/libc.a(lib_a-impure.o)
                0x00000000080029f8                _global_impure_ptr
 .rodata.AHBPrescTable
                0x00000000080029fc       0x10 obj/Core/Src/system_stm32f3xx.o
                0x00000000080029fc                AHBPrescTable
 .rodata.aPLLMULFactorTable
                0x0000000008002a0c       0x10 obj/Drivers/STM32F3xx_HAL_Driver/Src/stm32f3xx_hal_rcc.o
                0x0000000008002a0c                aPLLMULFactorTable
 .rodata.aPredivFactorTable
                0x0000000008002a1c       0x10 obj/Drivers/STM32F3xx_HAL_Driver/Src/stm32f3xx_hal_rcc.o
                0x0000000008002a1c                aPredivFactorTable
                0x0000000008002a2c                . = ALIGN (0x4)

.rel.dyn        0x0000000008002a2c        0x0
 .rel.iplt      0x0000000008002a2c        0x0 /Applications/ARM/bin/../lib/gcc/arm-none-eabi/10.3.1/thumb/v7e-m+fp/hard/crtbegin.o

.ARM.extab      0x0000000008002a2c        0x0
                0x0000000008002a2c                . = ALIGN (0x4)
 *(.ARM.extab* .gnu.linkonce.armextab.*)
                0x0000000008002a2c                . = ALIGN (0x4)

.ARM            0x0000000008002a2c        0x0
                0x0000000008002a2c                . = ALIGN (0x4)
                0x0000000008002a2c                __exidx_start = .
 *(.ARM.exidx*)
                0x0000000008002a2c                __exidx_end = .
                0x0000000008002a2c                . = ALIGN (0x4)

.preinit_array  0x0000000008002a2c        0x0
                0x0000000008002a2c                . = ALIGN (0x4)
                0x0000000008002a2c                PROVIDE (__preinit_array_start = .)
 *(.preinit_array*)
                0x0000000008002a2c                PROVIDE (__preinit_array_end = .)
                0x0000000008002a2c                . = ALIGN (0x4)

.init_array     0x0000000008002a2c        0x8
                0x0000000008002a2c                . = ALIGN (0x4)
                0x0000000008002a2c                PROVIDE (__init_array_start = .)
 *(SORT_BY_NAME(.init_array.*))
 .init_array.00000
                0x0000000008002a2c        0x4 /Applications/ARM/bin/../lib/gcc/arm-none-eabi/10.3.1/../../../../arm-none-eabi/lib/thumb/v7e-m+fp/hard/libc.a(lib_a-__call_atexit.o)
 *(.init_array*)
 .init_array    0x0000000008002a30        0x4 /Applications/ARM/bin/../lib/gcc/arm-none-eabi/10.3.1/thumb/v7e-m+fp/hard/crtbegin.o
                0x0000000008002a34                PROVIDE (__init_array_end = .)
                0x0000000008002a34                . = ALIGN (0x4)

.fini_array     0x0000000008002a34        0x4
                0x0000000008002a34                . = ALIGN (0x4)
                0x0000000008002a34                PROVIDE (__fini_array_start = .)
 *(SORT_BY_NAME(.fini_array.*))
 *(.fini_array*)
 .fini_array    0x0000000008002a34        0x4 /Applications/ARM/bin/../lib/gcc/arm-none-eabi/10.3.1/thumb/v7e-m+fp/hard/crtbegin.o
                0x0000000008002a38                PROVIDE (__fini_array_end = .)
                0x0000000008002a38                . = ALIGN (0x4)
                0x0000000008002a38                _sidata = LOADADDR (.data)

.data           0x0000000020000000      0x470 load address 0x0000000008002a38
                0x0000000020000000                . = ALIGN (0x4)
                0x0000000020000000                _sdata = .
 *(.data)
 *(.data*)
 .data.impure_data
                0x0000000020000000      0x428 /Applications/ARM/bin/../lib/gcc/arm-none-eabi/10.3.1/../../../../arm-none-eabi/lib/thumb/v7e-m+fp/hard/libc.a(lib_a-impure.o)
 .data.__atexit_recursive_mutex
                0x0000000020000428        0x4 /Applications/ARM/bin/../lib/gcc/arm-none-eabi/10.3.1/../../../../arm-none-eabi/lib/thumb/v7e-m+fp/hard/libc.a(lib_a-__call_atexit.o)
                0x0000000020000428                __atexit_recursive_mutex
 .data.leds     0x000000002000042c       0x38 obj/Core/Src/main.o
                0x000000002000042c                leds
 .data.SystemCoreClock
                0x0000000020000464        0x4 obj/Core/Src/system_stm32f3xx.o
                0x0000000020000464                SystemCoreClock
 .data.uwTickPrio
                0x0000000020000468        0x4 obj/Drivers/STM32F3xx_HAL_Driver/Src/stm32f3xx_hal.o
                0x0000000020000468                uwTickPrio
 .data.uwTickFreq
                0x000000002000046c        0x1 obj/Drivers/STM32F3xx_HAL_Driver/Src/stm32f3xx_hal.o
                0x000000002000046c                uwTickFreq
 *(.RamFunc)
 *(.RamFunc*)
                0x0000000020000470                . = ALIGN (0x4)
 *fill*         0x000000002000046d        0x3 
                0x0000000020000470                _edata = .
                0x0000000008002ea8                _siccmram = LOADADDR (.ccmram)

.igot.plt       0x0000000020000470        0x0 load address 0x0000000008002ea8
 .igot.plt      0x0000000020000470        0x0 /Applications/ARM/bin/../lib/gcc/arm-none-eabi/10.3.1/thumb/v7e-m+fp/hard/crtbegin.o

.ccmram         0x0000000010000000        0x0 load address 0x0000000008002ea8
                0x0000000010000000                . = ALIGN (0x4)
                0x0000000010000000                _sccmram = .
 *(.ccmram)
 *(.ccmram*)
                0x0000000010000000                . = ALIGN (0x4)
                0x0000000010000000                _eccmram = .
                0x0000000010000000                . = ALIGN (0x4)

.bss            0x0000000020000470       0x30
                0x0000000020000470                _sbss = .
                0x0000000020000470                __bss_start__ = _sbss
 *(.bss)
 .bss           0x0000000020000470       0x1c /Applications/ARM/bin/../lib/gcc/arm-none-eabi/10.3.1/thumb/v7e-m+fp/hard/crtbegin.o
 *(.bss*)
 .bss.__lock___atexit_recursive_mutex
                0x000000002000048c        0x1 /Applications/ARM/bin/../lib/gcc/arm-none-eabi/10.3.1/../../../../arm-none-eabi/lib/thumb/v7e-m+fp/hard/libc.a(lib_a-lock.o)
                0x000000002000048c                __lock___atexit_recursive_mutex
 *fill*         0x000000002000048d        0x3 
 .bss.pressed   0x0000000020000490        0x4 obj/Core/Src/main.o
                0x0000000020000490                pressed
 .bss.button_is_pressed
                0x0000000020000494        0x4 obj/Core/Src/main.o
                0x0000000020000494                button_is_pressed
 .bss.last_change_tick.0
                0x0000000020000498        0x4 obj/Core/Src/main.o
 .bss.uwTick    0x000000002000049c        0x4 obj/Drivers/STM32F3xx_HAL_Driver/Src/stm32f3xx_hal.o
                0x000000002000049c                uwTick
 *(COMMON)
                0x00000000200004a0                . = ALIGN (0x4)
                0x00000000200004a0                _ebss = .
                0x00000000200004a0                __bss_end__ = _ebss

._user_heap_stack
                0x00000000200004a0      0x600
                0x00000000200004a0                . = ALIGN (0x8)
                [!provide]                        PROVIDE (end = .)
                0x00000000200004a0                PROVIDE (_end = .)
                0x00000000200006a0                . = (. + _Min_Heap_Size)
 *fill*         0x00000000200004a0      0x200 
                0x0000000020000aa0                . = (. + _Min_Stack_Size)
 *fill*         0x00000000200006a0      0x400 
                0x0000000020000aa0                . = ALIGN (0x8)

/DISCARD/
 libc.a(*)
 libm.a(*)
 libgcc.a(*)

.ARM.attributes
                0x0000000000000000       0x30
 *(.ARM.attributes)
 .ARM.attributes
                0x0000000000000000       0x1e /Applications/ARM/bin/../lib/gcc/arm-none-eabi/10.3.1/thumb/v7e-m+fp/hard/crti.o
 .ARM.attributes
                0x000000000000001e       0x34 /Applications/ARM/bin/../lib/gcc/arm-none-eabi/10.3.1/thumb/v7e-m+fp/hard/crtbegin.o
 .ARM.attributes
                0x0000000000000052       0x21 obj/Core/Startup/startup_stm32f303vctx.o
 .ARM.attributes
                0x0000000000000073       0x34 obj/Core/Src/gpio.o
 .ARM.attributes
                0x00000000000000a7       0x34 obj/Core/Src/main.o
 .ARM.attributes
                0x00000000000000db       0x34 obj/Core/Src/stm32f3xx_hal_msp.o
 .ARM.attributes
                0x000000000000010f       0x34 obj/Core/Src/stm32f3xx_it.o
 .ARM.attributes
                0x0000000000000143       0x34 obj/Core/Src/system_stm32f3xx.o
 .ARM.attributes
                0x0000000000000177       0x34 obj/Drivers/STM32F3xx_HAL_Driver/Src/stm32f3xx_hal.o
 .ARM.attributes
                0x00000000000001ab       0x34 obj/Drivers/STM32F3xx_HAL_Driver/Src/stm32f3xx_hal_cortex.o
 .ARM.attributes
                0x00000000000001df       0x34 obj/Drivers/STM32F3xx_HAL_Driver/Src/stm32f3xx_hal_gpio.o
 .ARM.attributes
                0x0000000000000213       0x34 obj/Drivers/STM32F3xx_HAL_Driver/Src/stm32f3xx_hal_rcc.o
 .ARM.attributes
                0x0000000000000247       0x1e /Applications/ARM/bin/../lib/gcc/arm-none-eabi/10.3.1/thumb/v7e-m+fp/hard/crtn.o
START GROUP
LOAD /Applications/ARM/bin/../lib/gcc/arm-none-eabi/10.3.1/../../../../arm-none-eabi/lib/thumb/v7e-m+fp/hard/libc_nano.a
LOAD /Applications/ARM/bin/../lib/gcc/arm-none-eabi/10.3.1/../../../../arm-none-eabi/lib/thumb/v7e-m+fp/hard/libm.a
END GROUP
LOAD obj/Core/Startup/startup_stm32f303vctx.o
LOAD obj/Core/Src/gpio.o
LOAD obj/Core/Src/main.o
LOAD obj/Core/Src/stm32f3xx_hal_msp.o
LOAD obj/Core/Src/stm32f3xx_it.o
LOAD obj/Core/Src/syscalls.o
LOAD obj/Core/Src/sysmem.o
LOAD obj/Core/Src/system_stm32f3xx.o
LOAD obj/Drivers/STM32F3xx_HAL_Driver/Src/stm32f3xx_hal.o
LOAD obj/Drivers/STM32F3xx_HAL_Driver/Src/stm32f3xx_hal_cortex.o
LOAD obj/Drivers/STM32F3xx_HAL_Driver/Src/stm32f3xx_hal_dma.o
LOAD obj/Drivers/STM32F3xx_HAL_Driver/Src/stm32f3xx_hal_exti.o
LOAD obj/Drivers/STM32F3xx_HAL_Driver/Src/stm32f3xx_hal_flash.o
LOAD obj/Drivers/STM32F3xx_HAL_Driver/Src/stm32f3xx_hal_flash_ex.o
LOAD obj/Drivers/STM32F3xx_HAL_Driver/Src/stm32f3xx_hal_gpio.o
LOAD obj/Drivers/STM32F3xx_HAL_Driver/Src/stm32f3xx_hal_i2c.o
LOAD obj/Drivers/STM32F3xx_HAL_Driver/Src/stm32f3xx_hal_i2c_ex.o
LOAD obj/Drivers/STM32F3xx_HAL_Driver/Src/stm32f3xx_hal_pwr.o
LOAD obj/Drivers/STM32F3xx_HAL_Driver/Src/stm32f3xx_hal_pwr_ex.o
LOAD obj/Drivers/STM32F3xx_HAL_Driver/Src/stm32f3xx_hal_rcc.o
LOAD obj/Drivers/STM32F3xx_HAL_Driver/Src/stm32f3xx_hal_rcc_ex.o
LOAD obj/Drivers/STM32F3xx_HAL_Driver/Src/stm32f3xx_hal_tim.o
LOAD obj/Drivers/STM32F3xx_HAL_Driver/Src/stm32f3xx_hal_tim_ex.o
START GROUP
LOAD /Applications/ARM/bin/../lib/gcc/arm-none-eabi/10.3.1/thumb/v7e-m+fp/hard/libgcc.a
LOAD /Applications/ARM/bin/../lib/gcc/arm-none-eabi/10.3.1/../../../../arm-none-eabi/lib/thumb/v7e-m+fp/hard/libg_nano.a
LOAD /Applications/ARM/bin/../lib/gcc/arm-none-eabi/10.3.1/../../../../arm-none-eabi/lib/thumb/v7e-m+fp/hard/libc_nano.a
END GROUP
START GROUP
LOAD /Applications/ARM/bin/../lib/gcc/arm-none-eabi/10.3.1/thumb/v7e-m+fp/hard/libgcc.a
LOAD /Applications/ARM/bin/../lib/gcc/arm-none-eabi/10.3.1/../../../../arm-none-eabi/lib/thumb/v7e-m+fp/hard/libc_nano.a
LOAD /Applications/ARM/bin/../lib/gcc/arm-none-eabi/10.3.1/../../../../arm-none-eabi/lib/thumb/v7e-m+fp/hard/libnosys.a
END GROUP
START GROUP
LOAD /Applications/ARM/bin/../lib/gcc/arm-none-eabi/10.3.1/thumb/v7e-m+fp/hard/libgcc.a
LOAD /Applications/ARM/bin/../lib/gcc/arm-none-eabi/10.3.1/../../../../arm-none-eabi/lib/thumb/v7e-m+fp/hard/libc_nano.a
LOAD /Applications/ARM/bin/../lib/gcc/arm-none-eabi/10.3.1/../../../../arm-none-eabi/lib/thumb/v7e-m+fp/hard/libnosys.a
END GROUP
LOAD /Applications/ARM/bin/../lib/gcc/arm-none-eabi/10.3.1/thumb/v7e-m+fp/hard/crtend.o
LOAD /Applications/ARM/bin/../lib/gcc/arm-none-eabi/10.3.1/thumb/v7e-m+fp/hard/crtn.o
OUTPUT(main.elf elf32-littlearm)
LOAD linker stubs
LOAD /Applications/ARM/bin/../lib/gcc/arm-none-eabi/10.3.1/../../../../arm-none-eabi/lib/thumb/v7e-m+fp/hard/libc.a
LOAD /Applications/ARM/bin/../lib/gcc/arm-none-eabi/10.3.1/../../../../arm-none-eabi/lib/thumb/v7e-m+fp/hard/libm.a
LOAD /Applications/ARM/bin/../lib/gcc/arm-none-eabi/10.3.1/thumb/v7e-m+fp/hard/libgcc.a

.debug_line     0x0000000000000000     0x48b3
 .debug_line    0x0000000000000000       0x85 obj/Core/Startup/startup_stm32f303vctx.o
 .debug_line    0x0000000000000085      0x4e7 obj/Core/Src/gpio.o
 .debug_line    0x000000000000056c      0x583 obj/Core/Src/main.o
 .debug_line    0x0000000000000aef      0x46c obj/Core/Src/stm32f3xx_hal_msp.o
 .debug_line    0x0000000000000f5b      0x545 obj/Core/Src/stm32f3xx_it.o
 .debug_line    0x00000000000014a0      0x4e1 obj/Core/Src/system_stm32f3xx.o
 .debug_line    0x0000000000001981      0x72a obj/Drivers/STM32F3xx_HAL_Driver/Src/stm32f3xx_hal.o
 .debug_line    0x00000000000020ab      0xb7c obj/Drivers/STM32F3xx_HAL_Driver/Src/stm32f3xx_hal_cortex.o
 .debug_line    0x0000000000002c27      0x9cf obj/Drivers/STM32F3xx_HAL_Driver/Src/stm32f3xx_hal_gpio.o
 .debug_line    0x00000000000035f6     0x12bd obj/Drivers/STM32F3xx_HAL_Driver/Src/stm32f3xx_hal_rcc.o

.debug_info     0x0000000000000000     0x425d
 .debug_info    0x0000000000000000       0x22 obj/Core/Startup/startup_stm32f303vctx.o
 .debug_info    0x0000000000000022      0x53c obj/Core/Src/gpio.o
 .debug_info    0x000000000000055e      0x4b3 obj/Core/Src/main.o
 .debug_info    0x0000000000000a11      0x1aa obj/Core/Src/stm32f3xx_hal_msp.o
 .debug_info    0x0000000000000bbb      0x143 obj/Core/Src/stm32f3xx_it.o
 .debug_info    0x0000000000000cfe      0x416 obj/Core/Src/system_stm32f3xx.o
 .debug_info    0x0000000000001114      0x7cc obj/Drivers/STM32F3xx_HAL_Driver/Src/stm32f3xx_hal.o
 .debug_info    0x00000000000018e0      0xd9d obj/Drivers/STM32F3xx_HAL_Driver/Src/stm32f3xx_hal_cortex.o
 .debug_info    0x000000000000267d      0x6a2 obj/Drivers/STM32F3xx_HAL_Driver/Src/stm32f3xx_hal_gpio.o
 .debug_info    0x0000000000002d1f     0x153e obj/Drivers/STM32F3xx_HAL_Driver/Src/stm32f3xx_hal_rcc.o

.debug_abbrev   0x0000000000000000      0xecf
 .debug_abbrev  0x0000000000000000       0x12 obj/Core/Startup/startup_stm32f303vctx.o
 .debug_abbrev  0x0000000000000012      0x12a obj/Core/Src/gpio.o
 .debug_abbrev  0x000000000000013c      0x1db obj/Core/Src/main.o
 .debug_abbrev  0x0000000000000317       0xc2 obj/Core/Src/stm32f3xx_hal_msp.o
 .debug_abbrev  0x00000000000003d9       0x70 obj/Core/Src/stm32f3xx_it.o
 .debug_abbrev  0x0000000000000449      0x116 obj/Core/Src/system_stm32f3xx.o
 .debug_abbrev  0x000000000000055f      0x1db obj/Drivers/STM32F3xx_HAL_Driver/Src/stm32f3xx_hal.o
 .debug_abbrev  0x000000000000073a      0x316 obj/Drivers/STM32F3xx_HAL_Driver/Src/stm32f3xx_hal_cortex.o
 .debug_abbrev  0x0000000000000a50      0x1bb obj/Drivers/STM32F3xx_HAL_Driver/Src/stm32f3xx_hal_gpio.o
 .debug_abbrev  0x0000000000000c0b      0x2c4 obj/Drivers/STM32F3xx_HAL_Driver/Src/stm32f3xx_hal_rcc.o

.debug_aranges  0x0000000000000000      0x418
 .debug_aranges
                0x0000000000000000       0x28 obj/Core/Startup/startup_stm32f303vctx.o
 .debug_aranges
                0x0000000000000028       0x20 obj/Core/Src/gpio.o
 .debug_aranges
                0x0000000000000048       0x48 obj/Core/Src/main.o
 .debug_aranges
                0x0000000000000090       0x20 obj/Core/Src/stm32f3xx_hal_msp.o
 .debug_aranges
                0x00000000000000b0       0x68 obj/Core/Src/stm32f3xx_it.o
 .debug_aranges
                0x0000000000000118       0x28 obj/Core/Src/system_stm32f3xx.o
 .debug_aranges
                0x0000000000000140       0xe0 obj/Drivers/STM32F3xx_HAL_Driver/Src/stm32f3xx_hal.o
 .debug_aranges
                0x0000000000000220      0x118 obj/Drivers/STM32F3xx_HAL_Driver/Src/stm32f3xx_hal_cortex.o
 .debug_aranges
                0x0000000000000338       0x58 obj/Drivers/STM32F3xx_HAL_Driver/Src/stm32f3xx_hal_gpio.o
 .debug_aranges
                0x0000000000000390       0x88 obj/Drivers/STM32F3xx_HAL_Driver/Src/stm32f3xx_hal_rcc.o

.debug_str      0x0000000000000000    0xa45f0
 .debug_str     0x0000000000000000       0x71 obj/Core/Startup/startup_stm32f303vctx.o
 .debug_str     0x0000000000000071    0xa35ec obj/Core/Src/gpio.o
                                      0xa3dda (size before relaxing)
 .debug_str     0x00000000000a365d      0x20f obj/Core/Src/main.o
                                      0xa3b19 (size before relaxing)
 .debug_str     0x00000000000a386c       0x29 obj/Core/Src/stm32f3xx_hal_msp.o
                                      0xa38f9 (size before relaxing)
 .debug_str     0x00000000000a3895       0xcb obj/Core/Src/stm32f3xx_it.o
                                      0xa3941 (size before relaxing)
 .debug_str     0x00000000000a3960       0xe6 obj/Core/Src/system_stm32f3xx.o
                                      0xa3433 (size before relaxing)
 .debug_str     0x00000000000a3a46      0x395 obj/Drivers/STM32F3xx_HAL_Driver/Src/stm32f3xx_hal.o
                                      0xa3c34 (size before relaxing)
 .debug_str     0x00000000000a3ddb      0x3cc obj/Drivers/STM32F3xx_HAL_Driver/Src/stm32f3xx_hal_cortex.o
                                      0xa3cd7 (size before relaxing)
 .debug_str     0x00000000000a41a7      0x155 obj/Drivers/STM32F3xx_HAL_Driver/Src/stm32f3xx_hal_gpio.o
                                      0xa35b2 (size before relaxing)
 .debug_str     0x00000000000a42fc      0x2f4 obj/Drivers/STM32F3xx_HAL_Driver/Src/stm32f3xx_hal_rcc.o
                                      0xa38ac (size before relaxing)

.debug_ranges   0x0000000000000000      0x380
 .debug_ranges  0x0000000000000000       0x20 obj/Core/Startup/startup_stm32f303vctx.o
 .debug_ranges  0x0000000000000020       0x10 obj/Core/Src/gpio.o
 .debug_ranges  0x0000000000000030       0x38 obj/Core/Src/main.o
 .debug_ranges  0x0000000000000068       0x10 obj/Core/Src/stm32f3xx_hal_msp.o
 .debug_ranges  0x0000000000000078       0x58 obj/Core/Src/stm32f3xx_it.o
 .debug_ranges  0x00000000000000d0       0x18 obj/Core/Src/system_stm32f3xx.o
 .debug_ranges  0x00000000000000e8       0xd0 obj/Drivers/STM32F3xx_HAL_Driver/Src/stm32f3xx_hal.o
 .debug_ranges  0x00000000000001b8      0x108 obj/Drivers/STM32F3xx_HAL_Driver/Src/stm32f3xx_hal_cortex.o
 .debug_ranges  0x00000000000002c0       0x48 obj/Drivers/STM32F3xx_HAL_Driver/Src/stm32f3xx_hal_gpio.o
 .debug_ranges  0x0000000000000308       0x78 obj/Drivers/STM32F3xx_HAL_Driver/Src/stm32f3xx_hal_rcc.o

.debug_macro    0x0000000000000000    0x1b900
 .debug_macro   0x0000000000000000      0x1c8 obj/Core/Src/gpio.o
 .debug_macro   0x00000000000001c8      0xa78 obj/Core/Src/gpio.o
 .debug_macro   0x0000000000000c40      0x152 obj/Core/Src/gpio.o
 .debug_macro   0x0000000000000d92       0x2e obj/Core/Src/gpio.o
 .debug_macro   0x0000000000000dc0       0x28 obj/Core/Src/gpio.o
 .debug_macro   0x0000000000000de8       0x22 obj/Core/Src/gpio.o
 .debug_macro   0x0000000000000e0a       0x8e obj/Core/Src/gpio.o
 .debug_macro   0x0000000000000e98       0x51 obj/Core/Src/gpio.o
 .debug_macro   0x0000000000000ee9      0x103 obj/Core/Src/gpio.o
 .debug_macro   0x0000000000000fec       0x6a obj/Core/Src/gpio.o
 .debug_macro   0x0000000000001056      0x1df obj/Core/Src/gpio.o
 .debug_macro   0x0000000000001235       0x1c obj/Core/Src/gpio.o
 .debug_macro   0x0000000000001251       0x22 obj/Core/Src/gpio.o
 .debug_macro   0x0000000000001273       0xd9 obj/Core/Src/gpio.o
 .debug_macro   0x000000000000134c     0x102d obj/Core/Src/gpio.o
 .debug_macro   0x0000000000002379      0x11f obj/Core/Src/gpio.o
 .debug_macro   0x0000000000002498    0x12a3a obj/Core/Src/gpio.o
 .debug_macro   0x0000000000014ed2       0x6d obj/Core/Src/gpio.o
 .debug_macro   0x0000000000014f3f     0x3540 obj/Core/Src/gpio.o
 .debug_macro   0x000000000001847f      0x174 obj/Core/Src/gpio.o
 .debug_macro   0x00000000000185f3       0x55 obj/Core/Src/gpio.o
 .debug_macro   0x0000000000018648      0x962 obj/Core/Src/gpio.o
 .debug_macro   0x0000000000018faa      0x5fe obj/Core/Src/gpio.o
 .debug_macro   0x00000000000195a8      0x1b6 obj/Core/Src/gpio.o
 .debug_macro   0x000000000001975e      0x1fb obj/Core/Src/gpio.o
 .debug_macro   0x0000000000019959      0x1dc obj/Core/Src/gpio.o
 .debug_macro   0x0000000000019b35      0x1bc obj/Core/Src/gpio.o
 .debug_macro   0x0000000000019cf1       0x30 obj/Core/Src/gpio.o
 .debug_macro   0x0000000000019d21       0x3c obj/Core/Src/gpio.o
 .debug_macro   0x0000000000019d5d      0x236 obj/Core/Src/gpio.o
 .debug_macro   0x0000000000019f93       0xc5 obj/Core/Src/gpio.o
 .debug_macro   0x000000000001a058      0x21d obj/Core/Src/gpio.o
 .debug_macro   0x000000000001a275      0x22c obj/Core/Src/gpio.o
 .debug_macro   0x000000000001a4a1       0x5b obj/Core/Src/gpio.o
 .debug_macro   0x000000000001a4fc       0xa5 obj/Core/Src/gpio.o
 .debug_macro   0x000000000001a5a1       0x81 obj/Core/Src/gpio.o
 .debug_macro   0x000000000001a622       0xd3 obj/Core/Src/gpio.o
 .debug_macro   0x000000000001a6f5      0x275 obj/Core/Src/gpio.o
 .debug_macro   0x000000000001a96a      0x17e obj/Core/Src/gpio.o
 .debug_macro   0x000000000001aae8      0x1d8 obj/Core/Src/main.o
 .debug_macro   0x000000000001acc0      0x1be obj/Core/Src/stm32f3xx_hal_msp.o
 .debug_macro   0x000000000001ae7e      0x1c8 obj/Core/Src/stm32f3xx_it.o
 .debug_macro   0x000000000001b046      0x1af obj/Core/Src/system_stm32f3xx.o
 .debug_macro   0x000000000001b1f5      0x1d3 obj/Drivers/STM32F3xx_HAL_Driver/Src/stm32f3xx_hal.o
 .debug_macro   0x000000000001b3c8      0x1af obj/Drivers/STM32F3xx_HAL_Driver/Src/stm32f3xx_hal_cortex.o
 .debug_macro   0x000000000001b577      0x1b6 obj/Drivers/STM32F3xx_HAL_Driver/Src/stm32f3xx_hal_gpio.o
 .debug_macro   0x000000000001b72d      0x1d3 obj/Drivers/STM32F3xx_HAL_Driver/Src/stm32f3xx_hal_rcc.o

.comment        0x0000000000000000       0x49
 .comment       0x0000000000000000       0x49 obj/Core/Src/gpio.o
                                         0x4a (size before relaxing)
 .comment       0x0000000000000049       0x4a obj/Core/Src/main.o
 .comment       0x0000000000000049       0x4a obj/Core/Src/stm32f3xx_hal_msp.o
 .comment       0x0000000000000049       0x4a obj/Core/Src/stm32f3xx_it.o
 .comment       0x0000000000000049       0x4a obj/Core/Src/system_stm32f3xx.o
 .comment       0x0000000000000049       0x4a obj/Drivers/STM32F3xx_HAL_Driver/Src/stm32f3xx_hal.o
 .comment       0x0000000000000049       0x4a obj/Drivers/STM32F3xx_HAL_Driver/Src/stm32f3xx_hal_cortex.o
 .comment       0x0000000000000049       0x4a obj/Drivers/STM32F3xx_HAL_Driver/Src/stm32f3xx_hal_gpio.o
 .comment       0x0000000000000049       0x4a obj/Drivers/STM32F3xx_HAL_Driver/Src/stm32f3xx_hal_rcc.o

.debug_frame    0x0000000000000000      0xdc4
 .debug_frame   0x0000000000000000       0x34 obj/Core/Src/gpio.o
 .debug_frame   0x0000000000000034       0xd8 obj/Core/Src/main.o
 .debug_frame   0x000000000000010c       0x34 obj/Core/Src/stm32f3xx_hal_msp.o
 .debug_frame   0x0000000000000140      0x120 obj/Core/Src/stm32f3xx_it.o
 .debug_frame   0x0000000000000260       0x58 obj/Core/Src/system_stm32f3xx.o
 .debug_frame   0x00000000000002b8      0x334 obj/Drivers/STM32F3xx_HAL_Driver/Src/stm32f3xx_hal.o
 .debug_frame   0x00000000000005ec      0x494 obj/Drivers/STM32F3xx_HAL_Driver/Src/stm32f3xx_hal_cortex.o
 .debug_frame   0x0000000000000a80      0x138 obj/Drivers/STM32F3xx_HAL_Driver/Src/stm32f3xx_hal_gpio.o
 .debug_frame   0x0000000000000bb8      0x20c obj/Drivers/STM32F3xx_HAL_Driver/Src/stm32f3xx_hal_rcc.o
